16
48
1 blocks (32 bytes) free
2 blocks (40 bytes) used
58% efficiency
0% fragmentation
OCCUPIED 4 bytes
OCCUPIED 32 bytes
OCCUPIED 32 bytes
FREE 32 bytes
2 blocks (64 bytes) free
1 blocks (20 bytes) used
55% efficiency
100% fragmentation
OCCUPIED 4 bytes
FREE 32 bytes
OCCUPIED 32 bytes
FREE 32 bytes
